---
source: archetect_templating/tests/test_parser.rs
description: "{{ foo / }}"
input_file: archetect_templating/tests/parser-inputs/err_binop_missing_rhs.txt
---
Err(
    Error {
        kind: SyntaxError,
        detail: "unexpected end of variable block",
        name: "err_binop_missing_rhs.txt",
        line: 1,
    },
)
