---
source: archetect_templating/tests/test_parser.rs
description: "{{ (((((((((((((((((((((((((((((((((((((((((((((((((((((((((((((((((((((((((((((((((((((((((((((((((((((((((((((((((((((((((((((((((((((((((((((((((((((((((((((( 52 + 23 )))))))))))))))))))))))))))))))))))))))))))))))))))))))))))))))))))))))))))))))))))))))))))))))))))))))))))))))))))))))))))))))))))))))))))))))))))))))))))))) }}"
input_file: archetect_templating/tests/parser-inputs/max-recursion-expr.txt
---
Err(
    Error {
        kind: SyntaxError,
        detail: "template exceeds maximum recursion limits",
        name: "max-recursion-expr.txt",
        line: 1,
    },
)
